  Dependencies.Fakes.CowService -> C:\git\BreakfastProvider\fakes\Dependencies.Fakes.CowService\bin\Debug\net10.0\Dependencies.Fakes.CowService.dll
  Dependencies.Fakes.KitchenService -> C:\git\BreakfastProvider\fakes\Dependencies.Fakes.KitchenService\bin\Debug\net10.0\Dependencies.Fakes.KitchenService.dll
  Dependencies.Fakes.GoatService -> C:\git\BreakfastProvider\fakes\Dependencies.Fakes.GoatService\bin\Debug\net10.0\Dependencies.Fakes.GoatService.dll
  Dependencies.Fakes.SupplierService -> C:\git\BreakfastProvider\fakes\Dependencies.Fakes.SupplierService\bin\Debug\net10.0\Dependencies.Fakes.SupplierService.dll
  Dependencies.Fakes.NotificationService -> C:\git\BreakfastProvider\fakes\Dependencies.Fakes.NotificationService\bin\Debug\net10.0\Dependencies.Fakes.NotificationService.dll
  BreakfastProvider.Api -> C:\git\BreakfastProvider\src\BreakfastProvider.Api\bin\Debug\net10.0\BreakfastProvider.Api.dll
  BreakfastProvider.Tests.Component.Shared -> C:\git\BreakfastProvider\tests\BreakfastProvider.Tests.Component.Shared\bin\Debug\net10.0\BreakfastProvider.Tests.Component.Shared.dll
  BreakfastProvider.Tests.Unit -> C:\git\BreakfastProvider\tests\BreakfastProvider.Tests.Unit\bin\Debug\net10.0\BreakfastProvider.Tests.Unit.dll
MSBUILD : error MSB4166: Child node "3" exited prematurely. Shutting down. Diagnostic information may be found in files in "C:\Users\N17781\AppData\Local\Temp\MSBuildTempzqbwkigo.wzo\" and will be named MSBuild_*.failure.txt. This location can be changed by setting the MSBUILDDEBUGPATH environment variable to a different directory.
MSBUILD : error MSB4166: Child node "5" exited prematurely. Shutting down. Diagnostic information may be found in files in "C:\Users\N17781\AppData\Local\Temp\MSBuildTempzqbwkigo.wzo\" and will be named MSBuild_*.failure.txt. This location can be changed by setting the MSBUILDDEBUGPATH environment variable to a different directory.
MSBUILD : error MSB4166: Child node "2" exited prematurely. Shutting down. Diagnostic information may be found in files in "C:\Users\N17781\AppData\Local\Temp\MSBuildTempzqbwkigo.wzo\" and will be named MSBuild_*.failure.txt. This location can be changed by setting the MSBUILDDEBUGPATH environment variable to a different directory.
MSBUILD : error MSB4166: Child node "9" exited prematurely. Shutting down. Diagnostic information may be found in files in "C:\Users\N17781\AppData\Local\Temp\MSBuildTempzqbwkigo.wzo\" and will be named MSBuild_*.failure.txt. This location can be changed by setting the MSBUILDDEBUGPATH environment variable to a different directory.
MSBUILD : error MSB4166: Child node "11" exited prematurely. Shutting down. Diagnostic information may be found in files in "C:\Users\N17781\AppData\Local\Temp\MSBuildTempzqbwkigo.wzo\" and will be named MSBuild_*.failure.txt. This location can be changed by setting the MSBUILDDEBUGPATH environment variable to a different directory.
MSBUILD : error MSB4166: Child node "12" exited prematurely. Shutting down. Diagnostic information may be found in files in "C:\Users\N17781\AppData\Local\Temp\MSBuildTempzqbwkigo.wzo\" and will be named MSBuild_*.failure.txt. This location can be changed by setting the MSBUILDDEBUGPATH environment variable to a different directory.
MSBUILD : error MSB4166: Child node "13" exited prematurely. Shutting down. Diagnostic information may be found in files in "C:\Users\N17781\AppData\Local\Temp\MSBuildTempzqbwkigo.wzo\" and will be named MSBuild_*.failure.txt. This location can be changed by setting the MSBUILDDEBUGPATH environment variable to a different directory.
MSBUILD : error MSB4166: Child node "4" exited prematurely. Shutting down. Diagnostic information may be found in files in "C:\Users\N17781\AppData\Local\Temp\MSBuildTempzqbwkigo.wzo\" and will be named MSBuild_*.failure.txt. This location can be changed by setting the MSBUILDDEBUGPATH environment variable to a different directory.
MSBUILD : error MSB4166: Child node "7" exited prematurely. Shutting down. Diagnostic information may be found in files in "C:\Users\N17781\AppData\Local\Temp\MSBuildTempzqbwkigo.wzo\" and will be named MSBuild_*.failure.txt. This location can be changed by setting the MSBUILDDEBUGPATH environment variable to a different directory.
MSBUILD : error MSB4166: Child node "8" exited prematurely. Shutting down. Diagnostic information may be found in files in "C:\Users\N17781\AppData\Local\Temp\MSBuildTempzqbwkigo.wzo\" and will be named MSBuild_*.failure.txt. This location can be changed by setting the MSBUILDDEBUGPATH environment variable to a different directory.
MSBUILD : error MSB4166: Child node "10" exited prematurely. Shutting down. Diagnostic information may be found in files in "C:\Users\N17781\AppData\Local\Temp\MSBuildTempzqbwkigo.wzo\" and will be named MSBuild_*.failure.txt. This location can be changed by setting the MSBUILDDEBUGPATH environment variable to a different directory.

Build FAILED.

MSBUILD : error MSB4166: Child node "3" exited prematurely. Shutting down. Diagnostic information may be found in files in "C:\Users\N17781\AppData\Local\Temp\MSBuildTempzqbwkigo.wzo\" and will be named MSBuild_*.failure.txt. This location can be changed by setting the MSBUILDDEBUGPATH environment variable to a different directory.
MSBUILD : error MSB4166: Child node "5" exited prematurely. Shutting down. Diagnostic information may be found in files in "C:\Users\N17781\AppData\Local\Temp\MSBuildTempzqbwkigo.wzo\" and will be named MSBuild_*.failure.txt. This location can be changed by setting the MSBUILDDEBUGPATH environment variable to a different directory.
MSBUILD : error MSB4166: Child node "2" exited prematurely. Shutting down. Diagnostic information may be found in files in "C:\Users\N17781\AppData\Local\Temp\MSBuildTempzqbwkigo.wzo\" and will be named MSBuild_*.failure.txt. This location can be changed by setting the MSBUILDDEBUGPATH environment variable to a different directory.
MSBUILD : error MSB4166: Child node "9" exited prematurely. Shutting down. Diagnostic information may be found in files in "C:\Users\N17781\AppData\Local\Temp\MSBuildTempzqbwkigo.wzo\" and will be named MSBuild_*.failure.txt. This location can be changed by setting the MSBUILDDEBUGPATH environment variable to a different directory.
MSBUILD : error MSB4166: Child node "11" exited prematurely. Shutting down. Diagnostic information may be found in files in "C:\Users\N17781\AppData\Local\Temp\MSBuildTempzqbwkigo.wzo\" and will be named MSBuild_*.failure.txt. This location can be changed by setting the MSBUILDDEBUGPATH environment variable to a different directory.
MSBUILD : error MSB4166: Child node "12" exited prematurely. Shutting down. Diagnostic information may be found in files in "C:\Users\N17781\AppData\Local\Temp\MSBuildTempzqbwkigo.wzo\" and will be named MSBuild_*.failure.txt. This location can be changed by setting the MSBUILDDEBUGPATH environment variable to a different directory.
MSBUILD : error MSB4166: Child node "13" exited prematurely. Shutting down. Diagnostic information may be found in files in "C:\Users\N17781\AppData\Local\Temp\MSBuildTempzqbwkigo.wzo\" and will be named MSBuild_*.failure.txt. This location can be changed by setting the MSBUILDDEBUGPATH environment variable to a different directory.
MSBUILD : error MSB4166: Child node "4" exited prematurely. Shutting down. Diagnostic information may be found in files in "C:\Users\N17781\AppData\Local\Temp\MSBuildTempzqbwkigo.wzo\" and will be named MSBuild_*.failure.txt. This location can be changed by setting the MSBUILDDEBUGPATH environment variable to a different directory.
MSBUILD : error MSB4166: Child node "7" exited prematurely. Shutting down. Diagnostic information may be found in files in "C:\Users\N17781\AppData\Local\Temp\MSBuildTempzqbwkigo.wzo\" and will be named MSBuild_*.failure.txt. This location can be changed by setting the MSBUILDDEBUGPATH environment variable to a different directory.
MSBUILD : error MSB4166: Child node "8" exited prematurely. Shutting down. Diagnostic information may be found in files in "C:\Users\N17781\AppData\Local\Temp\MSBuildTempzqbwkigo.wzo\" and will be named MSBuild_*.failure.txt. This location can be changed by setting the MSBUILDDEBUGPATH environment variable to a different directory.
MSBUILD : error MSB4166: Child node "10" exited prematurely. Shutting down. Diagnostic information may be found in files in "C:\Users\N17781\AppData\Local\Temp\MSBuildTempzqbwkigo.wzo\" and will be named MSBuild_*.failure.txt. This location can be changed by setting the MSBUILDDEBUGPATH environment variable to a different directory.
    0 Warning(s)
    11 Error(s)

Time Elapsed 00:08:40.44
